To honour the JVM settings for this build a single-use Daemon process will be forked. For more on this, please refer to https://docs.gradle.org/8.12/userguide/gradle_daemon.html#sec:disabling_the_daemon in the Gradle documentation.
Daemon will be stopped at the end of the build 
Calculating task graph as configuration cache cannot be reused because system property 'stderr.encoding' has changed.
> Task :app:processTestResources NO-SOURCE
> Task :app:generateJte
> Task :app:processResources

> Task :app:compileJava
Note: Some input files use unchecked or unsafe operations.
Note: Recompile with -Xlint:unchecked for details.

> Task :app:classes
> Task :app:precompileJte SKIPPED
> Task :app:resolveMainClassName
> Task :app:compileTestJava UP-TO-DATE
> Task :app:testClasses UP-TO-DATE
> Task :app:jar
> Task :app:bootJar
> Task :app:startScripts
> Task :app:distTar
> Task :app:bootStartScripts
> Task :app:bootDistTar
> Task :app:distZip
> Task :app:bootDistZip
> Task :app:assemble
OpenJDK 64-Bit Server VM warning: Sharing is only supported for boot loader classes because bootstrap classpath has been appended
> Task :app:test
> Task :app:check
> Task :app:build

[Incubating] Problems report is available at: file:///C:/Development/Owner/FirstRentVerdict/build/reports/problems/problems-report.html

BUILD SUCCESSFUL in 26s
14 actionable tasks: 13 executed, 1 up-to-date
Configuration cache entry stored.
