To honour the JVM settings for this build a single-use Daemon process will be forked. For more on this, please refer to https://docs.gradle.org/8.12/userguide/gradle_daemon.html#sec:disabling_the_daemon in the Gradle documentation.
Daemon will be stopped at the end of the build 
Calculating task graph as configuration cache cannot be reused because system property 'stderr.encoding' has changed.
> Task :app:processTestResources NO-SOURCE
> Task :app:generateJte UP-TO-DATE
> Task :app:processResources UP-TO-DATE
> Task :app:compileJava UP-TO-DATE
> Task :app:classes UP-TO-DATE
> Task :app:precompileJte SKIPPED
> Task :app:compileTestJava UP-TO-DATE
> Task :app:testClasses UP-TO-DATE
OpenJDK 64-Bit Server VM warning: Sharing is only supported for boot loader classes because bootstrap classpath has been appended

> Task :app:test

VerdictServiceTest > testMarketPosition_Calculation() FAILED
    org.opentest4j.AssertionFailedError at VerdictServiceTest.java:179

7 tests completed, 1 failed

> Task :app:test FAILED

FAILURE: Build failed with an exception.

* What went wrong:
Execution failed for task ':app:test'.
> There were failing tests. See the report at: file:///C:/Development/Owner/FirstRentVerdict/app/build/reports/tests/test/index.html

* Try:
> Run with --scan to get full insights.

BUILD FAILED in 15s
5 actionable tasks: 1 executed, 4 up-to-date
Configuration cache entry stored.
